// Jest Snapshot v1, https://goo.gl/fbAQLP

exports[`should render ExpenseListItem with expense 1`] = `
<li>
  <Link
    replace={false}
    to="/edit/1"
  >
    Gum
  </Link>
   @ 
  0
   - 
  195
   cents
</li>
`;
